// Vitest Snapshot v1, https://vitest.dev/guide/snapshot.html

exports[`adds 1 + 2 + 3 to equal 4 1`] = `6`;
